src/app/(dashboard)/dashboard/dg/page.tsx(196,22): error TS2322: Type 'Record<string, unknown>[]' is not assignable to type 'KanbanItem[]'.
  Type 'Record<string, unknown>' is not assignable to type 'KanbanItem'.
src/app/(dashboard)/dashboard/dt/page.tsx(198,22): error TS2322: Type 'Record<string, unknown>[]' is not assignable to type 'KanbanItem[]'.
  Type 'Record<string, unknown>' is not assignable to type 'KanbanItem'.
src/app/(dashboard)/dashboard/prepress/page.tsx(231,26): error TS2322: Type 'Record<string, unknown>[]' is not assignable to type 'KanbanItem[]'.
  Type 'Record<string, unknown>' is not assignable to type 'KanbanItem'.
src/app/(dashboard)/panel/admin/page.tsx(58,11): error TS2322: Type 'unknown' is not assignable to type 'string | undefined'.
src/app/(dashboard)/panel/admin/page.tsx(104,11): error TS2322: Type 'unknown' is not assignable to type 'string | undefined'.
src/app/(dashboard)/panel/admin/page.tsx(113,31): error TS2322: Type '{}' is not assignable to type 'string | number | readonly string[] | undefined'.
src/app/(dashboard)/panel/dg/input-jos/page.tsx(22,9): error TS2322: Type 'unknown' is not assignable to type 'string | undefined'.
src/app/(dashboard)/panel/dt/input-jop/page.tsx(36,9): error TS2322: Type 'unknown' is not assignable to type 'string | undefined'.
src/app/(dashboard)/panel/dt/input-jop/page.tsx(45,29): error TS2322: Type '{}' is not assignable to type 'string | number | readonly string[] | undefined'.
