src/app/(auth)/register/page.tsx(11,53): error TS2307: Cannot find module '@/lib/userRoles' or its corresponding type declarations.
src/app/(auth)/register/page.tsx(128,44): error TS7006: Parameter 'group' implicitly has an 'any' type.
src/app/(auth)/register/page.tsx(130,43): error TS7006: Parameter 'roleOption' implicitly has an 'any' type.
src/app/(dashboard)/dashboard/data/page.tsx(18,29): error TS2307: Cannot find module '@/lib/types/schema' or its corresponding type declarations.
src/app/(dashboard)/dashboard/dg/page.tsx(196,22): error TS2322: Type 'Record<string, unknown>[]' is not assignable to type 'KanbanItem[]'.
  Type 'Record<string, unknown>' is not assignable to type 'KanbanItem'.
src/app/(dashboard)/dashboard/dt/page.tsx(198,22): error TS2322: Type 'Record<string, unknown>[]' is not assignable to type 'KanbanItem[]'.
  Type 'Record<string, unknown>' is not assignable to type 'KanbanItem'.
src/app/(dashboard)/dashboard/page.tsx(25,98): error TS2307: Cannot find module '@/lib/workflow' or its corresponding type declarations.
src/app/(dashboard)/dashboard/page.tsx(396,109): error TS2353: Object literal may only specify known properties, and 'sm' does not exist in type 'Properties<string | number, string & {}>'.
src/app/(dashboard)/dashboard/page.tsx(425,89): error TS2353: Object literal may only specify known properties, and 'sm' does not exist in type 'Properties<string | number, string & {}>'.
src/app/(dashboard)/dashboard/page.tsx(517,26): error TS2322: Type 'DashboardItem[]' is not assignable to type 'KanbanItem[]'.
  Type 'DashboardItem' is not assignable to type 'KanbanItem'.
    Type 'DashboardItem' is not assignable to type 'JosData & { sourceType?: "DT" | "DG" | "PROD" | undefined; }'.
      Type 'DashboardItem' is missing the following properties from type 'JosData': NO_JOS, TIPE_JOS, BUYER, TGL_JOS
src/app/(dashboard)/dashboard/prepress/page.tsx(231,26): error TS2322: Type 'Record<string, unknown>[]' is not assignable to type 'KanbanItem[]'.
  Type 'Record<string, unknown>' is not assignable to type 'KanbanItem'.
src/app/(dashboard)/panel/admin/page.tsx(58,11): error TS2322: Type 'unknown' is not assignable to type 'string | undefined'.
src/app/(dashboard)/panel/admin/page.tsx(104,11): error TS2322: Type 'unknown' is not assignable to type 'string | undefined'.
src/app/(dashboard)/panel/admin/page.tsx(113,31): error TS2322: Type '{}' is not assignable to type 'string | number | readonly string[] | undefined'.
src/app/(dashboard)/panel/admin/settings/kpi/page.tsx(7,58): error TS2307: Cannot find module '@/lib/tcFormula' or its corresponding type declarations.
src/app/(dashboard)/panel/dg/input-jos/page.tsx(22,9): error TS2322: Type 'unknown' is not assignable to type 'string | undefined'.
src/app/(dashboard)/panel/dg/page.tsx(9,108): error TS2307: Cannot find module '@/lib/tcFormula' or its corresponding type declarations.
src/app/(dashboard)/panel/dg/page.tsx(11,46): error TS2307: Cannot find module '@/lib/workflow' or its corresponding type declarations.
src/app/(dashboard)/panel/dt/input-jop/page.tsx(36,9): error TS2322: Type 'unknown' is not assignable to type 'string | undefined'.
src/app/(dashboard)/panel/dt/input-jop/page.tsx(45,29): error TS2322: Type '{}' is not assignable to type 'string | number | readonly string[] | undefined'.
src/app/(dashboard)/panel/dt/page.tsx(9,108): error TS2307: Cannot find module '@/lib/tcFormula' or its corresponding type declarations.
src/app/(dashboard)/panel/dt/page.tsx(12,46): error TS2307: Cannot find module '@/lib/workflow' or its corresponding type declarations.
src/app/(dashboard)/panel/dt/page.tsx(204,64): error TS2322: Type '{}' is not assignable to type 'ReactNode'.
src/app/(dashboard)/panel/prepress/page.tsx(12,46): error TS2307: Cannot find module '@/lib/workflow' or its corresponding type declarations.
src/app/(dashboard)/panel/prepress/page.tsx(107,63): error TS2362: The left-hand side of an arithmetic operation must be of type 'any', 'number', 'bigint' or an enum type.
src/app/(dashboard)/panel/prepress/page.tsx(107,77): error TS2363: The right-hand side of an arithmetic operation must be of type 'any', 'number', 'bigint' or an enum type.
src/app/(dashboard)/panel/production/ctcp/page.tsx(13,46): error TS2307: Cannot find module '@/lib/workflow' or its corresponding type declarations.
src/app/(dashboard)/panel/production/ctp/page.tsx(13,46): error TS2307: Cannot find module '@/lib/workflow' or its corresponding type declarations.
src/app/(dashboard)/panel/production/etching/page.tsx(13,46): error TS2307: Cannot find module '@/lib/workflow' or its corresponding type declarations.
src/app/(dashboard)/panel/production/flexo/page.tsx(13,46): error TS2307: Cannot find module '@/lib/workflow' or its corresponding type declarations.
src/app/(dashboard)/panel/production/screen/page.tsx(13,46): error TS2307: Cannot find module '@/lib/workflow' or its corresponding type declarations.
src/app/(dashboard)/panel/qc/page.tsx(13,46): error TS2307: Cannot find module '@/lib/workflow' or its corresponding type declarations.
src/app/(dashboard)/panel/spv/page.tsx(9,108): error TS2307: Cannot find module '@/lib/tcFormula' or its corresponding type declarations.
src/app/(dashboard)/users/page.tsx(10,33): error TS2307: Cannot find module '@/lib/userRoles' or its corresponding type declarations.
src/app/(dashboard)/users/page.tsx(38,26): error TS2345: Argument of type '{ id: string; }' is not assignable to parameter of type 'UserItem'.
  Property 'KATEGORI' is missing in type '{ id: string; }' but required in type 'UserItem'.
src/app/dashboard/admin/panel/page.tsx(57,11): error TS2322: Type 'unknown' is not assignable to type 'string | undefined'.
src/app/dashboard/admin/panel/page.tsx(103,11): error TS2322: Type 'unknown' is not assignable to type 'string | undefined'.
src/app/dashboard/admin/panel/page.tsx(112,31): error TS2322: Type '{}' is not assignable to type 'string | number | readonly string[] | undefined'.
src/app/dashboard/spv/panel/page.tsx(63,28): error TS2322: Type '{}' is not assignable to type 'string'.
src/app/logs/page.tsx(39,15): error TS2345: Argument of type '{ id: string; type: "BLUEPRINT" | "QC"; }[]' is not assignable to parameter of type 'SetStateAction<LogEntry[]>'.
  Type '{ id: string; type: "BLUEPRINT" | "QC"; }[]' is not assignable to type 'LogEntry[]'.
    Property 'TGL_LOG' is missing in type '{ id: string; type: "BLUEPRINT" | "QC"; }' but required in type 'LogEntry'.
src/components/dashboard/UserTable.tsx(9,36): error TS2307: Cannot find module '@/lib/userRoles' or its corresponding type declarations.
src/components/dashboard/UserTable.tsx(149,50): error TS7006: Parameter 'group' implicitly has an 'any' type.
src/components/dashboard/UserTable.tsx(151,49): error TS7006: Parameter 'option' implicitly has an 'any' type.
src/components/forms/GlobalInputForm.tsx(10,14): error TS2305: Module '"@/lib/utils"' has no exported member 'throttle'.
src/components/layout/DataTable.tsx(134,75): error TS7053: Element implicitly has an 'any' type because expression of type 'string' can't be used to index type 'unknown'.
  No index signature with a parameter of type 'string' was found on type 'unknown'.
src/components/layout/DataTable.tsx(185,33): error TS7053: Element implicitly has an 'any' type because expression of type 'string' can't be used to index type 'unknown'.
  No index signature with a parameter of type 'string' was found on type 'unknown'.
src/components/layout/DataTable.tsx(196,99): error TS2339: Property 'NO_JOP' does not exist on type 'T'.
src/components/layout/DataTable.tsx(197,112): error TS2339: Property 'NO_JOS' does not exist on type 'T'.
src/components/layout/DataTable.tsx(198,110): error TS2339: Property 'TGL_MASUK' does not exist on type 'T'.
src/components/layout/DataTable.tsx(206,109): error TS2339: Property 'BUYER' does not exist on type 'T'.
src/components/layout/DataTable.tsx(207,90): error TS2339: Property 'NAMA_JOP' does not exist on type 'T'.
src/components/layout/DataTable.tsx(216,32): error TS2339: Property 'DP' does not exist on type 'T'.
src/components/layout/DataTable.tsx(223,32): error TS2339: Property 'ST_PRO_JOP' does not exist on type 'T'.
src/components/layout/DataTable.tsx(223,61): error TS2339: Property 'TGL_TARGET' does not exist on type 'T'.
src/components/layout/DataTable.tsx(223,88): error TS2339: Property 'TGL_TARGET' does not exist on type 'T'.
src/components/layout/DataTable.tsx(229,73): error TS2339: Property 'DP' does not exist on type 'T'.
src/components/layout/DataTable.tsx(229,125): error TS2339: Property 'TGL_TARGET' does not exist on type 'T'.
src/components/layout/DataTable.tsx(230,112): error TS2339: Property 'TIPE_JOP' does not exist on type 'T'.
src/components/layout/DataTable.tsx(239,79): error TS2339: Property 'ST_PRO_JOP' does not exist on type 'T'.
src/components/layout/DataTable.tsx(240,79): error TS2339: Property 'PIC_UTAMA' does not exist on type 'T'.
src/components/layout/DataTable.tsx(242,111): error TS2339: Property 'ST_PRO_JOP' does not exist on type 'T'.
src/components/layout/DataTable.tsx(249,41): error TS2339: Property 'TOTAL_TC' does not exist on type 'T'.
src/components/layout/DataTable.tsx(249,55): error TS2339: Property 'LEVEL_TC' does not exist on type 'T'.
src/components/layout/DataTable.tsx(255,45): error TS2339: Property 'ST_WORKFLOW' does not exist on type 'T'.
src/components/layout/Sidebar.tsx(20,3): error TS2724: '"lucide-react"' has no exported member named 'Scales'. Did you mean 'Scale'?
src/features/kpi/calculateKPI.ts(69,28): error TS2769: No overload matches this call.
  Overload 1 of 4, '(value: string | number | Date): Date', gave the following error.
    Argument of type '{}' is not assignable to parameter of type 'string | number | Date'.
  Overload 2 of 4, '(value: string | number): Date', gave the following error.
    Argument of type '{}' is not assignable to parameter of type 'string | number'.
src/features/kpi/calculateKPI.ts(71,89): error TS2769: No overload matches this call.
  Overload 1 of 4, '(value: string | number | Date): Date', gave the following error.
    Argument of type '{}' is not assignable to parameter of type 'string | number | Date'.
  Overload 2 of 4, '(value: string | number): Date', gave the following error.
    Argument of type '{}' is not assignable to parameter of type 'string | number'.
src/features/report/reportService.ts(106,5): error TS2345: Argument of type '{}[][]' is not assignable to parameter of type '(string | number | boolean | null)[][]'.
  Type '{}[]' is not assignable to type '(string | number | boolean | null)[]'.
    Type '{}' is not assignable to type 'string | number | boolean | null'.
src/features/workflow/workflowService.ts(129,9): error TS2322: Type 'unknown' is not assignable to type 'string | undefined'.
src/features/workflow/workflowService.ts(130,9): error TS2322: Type '{}' is not assignable to type 'string'.
src/features/workflow/workflowService.ts(131,29): error TS2345: Argument of type 'unknown' is not assignable to parameter of type 'string'.
src/features/workflow/workflowService.ts(162,9): error TS2322: Type '{} | undefined' is not assignable to type 'string | undefined'.
  Type '{}' is not assignable to type 'string'.
src/features/workflow/workflowService.ts(166,9): error TS2322: Type 'unknown' is not assignable to type 'string | undefined'.
src/features/workflow/workflowService.ts(167,9): error TS2322: Type '{}' is not assignable to type 'string'.
src/features/workflow/workflowService.ts(168,29): error TS2345: Argument of type 'unknown' is not assignable to parameter of type 'string'.
src/features/workflow/workflowService.ts(187,11): error TS2322: Type '{}' is not assignable to type 'string'.
src/features/workflow/workflowService.ts(199,9): error TS2322: Type '{}' is not assignable to type 'string'.
